
--- annealed q=0.08 qm=0.05  (R=3000 x 8 launches, 3736s evolve) ---
  node poles (+Im): phases ['0.2529', '0.2809', '0.3527', '0.3881'] moduli ['0.597', '0.584', '0.599', '0.587']
  omega_c = 0.3205 +- 0.0042, m_meas = 0.06757 +- 0.00578  (annealed theory m = 0.05258; arctan law 0.05258)
  upper branch omega_+ - omega_c  (pred = sqrt(m^2 + v^2 d^2), v = 1.1806):
   fam  d=0.04  d=0.07  d=0.1
    100  0.0882(0.0072)  0.1223(0.0069)  0.1646(0.0069)
    110  0.0888(0.0072)  0.1262(0.0065)  0.1747(0.0060)
    111  0.0894(0.0071)  0.1327(0.0056)  0.1958(0.0043)
   pred  0.0824  0.1068  0.1360
  [gate PASSED]

--- quenched q=0.08 qm=0.05  (R=3000 x 8 launches, 3354s evolve) ---
  node poles (+Im): phases ['0.2614', '0.2731', '0.3645', '0.3767'] moduli ['0.602', '0.589', '0.598', '0.591']
  omega_c = 0.3190 +- 0.0054, m_meas = 0.05764 +- 0.00577  (annealed theory m = 0.05258; arctan law 0.05258)
  upper branch omega_+ - omega_c  (pred = sqrt(m^2 + v^2 d^2), v = 1.1806):
   fam  d=0.04  d=0.07  d=0.1
    100  0.0858(0.0119)  0.1248(0.0111)  0.1698(0.0104)
    110  0.0866(0.0115)  0.1290(0.0103)  0.1804(0.0088)
    111  0.0874(0.0109)  0.1354(0.0075)  0.1999(0.0043)
   pred  0.0745  0.1008  0.1314

written: results/m8_corner.json
