
--- annealed q=0.08 qm=0.05  (R=3000 x 8 launches, 3463s evolve) ---
  node poles (+Im): phases ['0.2724', '0.2781', '0.3747', '0.3768'] moduli ['0.575', '0.590', '0.579', '0.592']
  omega_c = 0.3246 +- 0.0074, m_meas = 0.05218 +- 0.00561  (annealed theory m = 0.05258; arctan law 0.05258)
  upper branch omega_+ - omega_c  (pred = sqrt(m^2 + v^2 d^2), v = 1.1806):
   fam  d=0.04  d=0.07  d=0.1
    100  0.0747(0.0085)  0.1139(0.0098)  0.1598(0.0071)
    110  0.0752(0.0091)  0.1209(0.0092)  0.1733(0.0075)
    111  0.0759(0.0103)  0.1315(0.0059)  0.1969(0.0042)
   pred  0.0704  0.0977  0.1291
  [gate PASSED]

--- quenched q=0.08 qm=0.05  (R=3000 x 8 launches, 2817s evolve) ---
  node poles (+Im): phases ['0.2656', '0.2707', '0.3722', '0.3793'] moduli ['0.595', '0.582', '0.582', '0.589']
  omega_c = 0.3224 +- 0.0103, m_meas = 0.05687 +- 0.00403  (annealed theory m = 0.05258; arctan law 0.05258)
  upper branch omega_+ - omega_c  (pred = sqrt(m^2 + v^2 d^2), v = 1.1806):
   fam  d=0.04  d=0.07  d=0.1
    100  0.0806(0.0118)  0.1196(0.0112)  0.1642(0.0110)
    110  0.0824(0.0115)  0.1260(0.0100)  0.1784(0.0090)
    111  0.0842(0.0107)  0.1353(0.0091)  0.2014(0.0076)
   pred  0.0739  0.1003  0.1310

written: results/m8_fresh.json
