
--- annealed q=0.08 qm=0.05  (R=6000 x 8 launches, 5876s evolve) ---
  node poles (+Im): phases ['0.2602', '0.2648', '0.3729', '0.3741'] moduli ['0.581', '0.591', '0.583', '0.594']
  omega_c = 0.3171 +- 0.0046, m_meas = 0.05694 +- 0.00264  (annealed theory m = 0.05258; arctan law 0.05258)
  upper branch omega_+ - omega_c  (pred = sqrt(m^2 + v^2 d^2), v = 1.1806):
   fam  d=0.04  d=0.07  d=0.1
    100  0.0793(0.0053)  0.1157(0.0047)  0.1597(0.0036)
    110  0.0798(0.0052)  0.1199(0.0043)  0.1752(0.0042)
    111  0.0799(0.0054)  0.1345(0.0039)  0.2015(0.0037)
   pred  0.0740  0.1004  0.1311
  [gate PASSED]

--- quenched q=0.08 qm=0.05  (R=6000 x 8 launches, 5744s evolve) ---
  node poles (+Im): phases ['0.2532', '0.2597', '0.3587', '0.3646'] moduli ['0.594', '0.589', '0.595', '0.587']
  omega_c = 0.3089 +- 0.0059, m_meas = 0.05569 +- 0.00412  (annealed theory m = 0.05258; arctan law 0.05258)
  upper branch omega_+ - omega_c  (pred = sqrt(m^2 + v^2 d^2), v = 1.1806):
   fam  d=0.04  d=0.07  d=0.1
    100  0.0790(0.0069)  0.1168(0.0067)  0.1623(0.0065)
    110  0.0803(0.0074)  0.1240(0.0048)  0.1774(0.0039)
    111  0.0821(0.0082)  0.1346(0.0035)  0.2019(0.0029)
   pred  0.0730  0.0997  0.1305

written: results/m8_fresh_r2.json
