-- annealed row --
 fam  delta     meas    exact     sig   pull
 100  0.040   0.0882   0.0759  0.0072   1.70
 100  0.070   0.1223   0.1127  0.0069   1.39
 100  0.100   0.1646   0.1570  0.0069   1.11
 110  0.040   0.0888   0.0793  0.0072   1.33
 110  0.070   0.1262   0.1216  0.0065   0.70
 110  0.100   0.1747   0.1735  0.0060   0.20
 111  0.040   0.0894   0.0822  0.0071   1.01
 111  0.070   0.1327   0.1334  0.0056  -0.11
 111  0.100   0.1958   0.1995  0.0043  -0.85
  worst |pull| (annealed) = 1.70
-- quenched row --
 fam  delta     meas    exact     sig   pull
 100  0.040   0.0858   0.0759  0.0119   0.83
 100  0.070   0.1248   0.1127  0.0111   1.08
 100  0.100   0.1698   0.1570  0.0104   1.24
 110  0.040   0.0866   0.0793  0.0115   0.64
 110  0.070   0.1290   0.1216  0.0103   0.72
 110  0.100   0.1804   0.1735  0.0088   0.78
 111  0.040   0.0874   0.0822  0.0109   0.47
 111  0.070   0.1354   0.1334  0.0075   0.27
 111  0.100   0.1999   0.1995  0.0043   0.11
  worst |pull| (quenched) = 1.24
[gate PASSED] both rows within 2.5 jackknife errors of the exact branches (correlated points; worst-pull statistic)
