32 env-conserving rules; q grid 0.0..1.0 x 3 seeds
rule  115 sig=((1, 2), (2, 1))
    0.0:2.000 0.1:0.179 0.2:0.158 0.3:0.148 0.4:0.146 0.5:0.145 0.6:0.148 0.7:0.151 0.8:0.157 0.9:0.178 1.0:2.000
rule  133 sig=((1, 2), (2, 1))
    0.0:2.000 0.1:0.033 0.2:0.019 0.3:0.014 0.4:0.012 0.5:0.010 0.6:0.011 0.7:0.014 0.8:0.019 0.9:0.034 1.0:2.000
rule  883 sig=((1, 2), (2, 1))
    0.0:2.000 0.1:1.628 0.2:1.248 0.3:0.893 0.4:0.605 0.5:0.374 0.6:0.607 0.7:0.937 0.8:1.247 0.9:1.625 1.0:2.000
rule  901 sig=((1, 2), (2, 1))
    0.0:2.000 0.1:2.000 0.2:2.000 0.3:2.000 0.4:2.000 0.5:2.000 0.6:2.000 0.7:2.000 0.8:2.000 0.9:2.000 1.0:2.000
rule  107 sig=((1, 1), (2, 2))
    0.0:2.000 0.1:0.037 0.2:0.019 0.3:0.014 0.4:0.012 0.5:0.011 0.6:0.012 0.7:0.014 0.8:0.020 0.9:0.036 1.0:2.000
rule  125 sig=((1, 1), (2, 2))
    0.0:2.000 0.1:0.177 0.2:0.159 0.3:0.148 0.4:0.144 0.5:0.145 0.6:0.146 0.7:0.149 0.8:0.157 0.9:0.174 1.0:2.000
rule  875 sig=((1, 1), (2, 2))
    0.0:2.000 0.1:2.000 0.2:2.000 0.3:2.000 0.4:2.000 0.5:2.000 0.6:2.000 0.7:2.000 0.8:2.000 0.9:2.000 1.0:2.000
rule  893 sig=((1, 1), (2, 2))
    0.0:2.000 0.1:1.628 0.2:1.248 0.3:0.887 0.4:0.594 0.5:0.376 0.6:0.634 0.7:0.888 0.8:1.250 0.9:1.630 1.0:2.000
rule  109 sig=((1, 1), (1, 2), (2, 1), (2, 2))
    0.0:2.000 0.1:0.014 0.2:0.007 0.3:0.005 0.4:0.004 0.5:0.004 0.6:0.004 0.7:0.005 0.8:0.008 0.9:0.014 1.0:2.000
rule  123 sig=((1, 1), (1, 2), (2, 1), (2, 2))
    0.0:2.000 0.1:0.083 0.2:0.062 0.3:0.051 0.4:0.045 0.5:0.043 0.6:0.046 0.7:0.052 0.8:0.063 0.9:0.086 1.0:2.000
rule  877 sig=((1, 1), (1, 2), (2, 1), (2, 2))
    0.0:2.000 0.1:2.000 0.2:2.000 0.3:2.000 0.4:0.116 0.5:0.091 0.6:0.105 0.7:2.000 0.8:2.000 0.9:2.000 1.0:2.000
rule  891 sig=((1, 1), (1, 2), (2, 1), (2, 2))
    0.0:2.000 0.1:1.607 0.2:1.194 0.3:0.793 0.4:0.393 0.5:0.092 0.6:0.402 0.7:0.802 0.8:1.197 0.9:1.597 1.0:2.000
/home/piotr/pca3d/scripts/v_of_q.py:117: RuntimeWarning: Mean of empty slice
  row["alpha"].append(float(np.nanmean(als)))
rule   23 sig=((1, 0), (1, 3), (2, 0), (2, 3))
    0.0:0.000 0.1:0.000 0.2:0.002 0.3:0.003 0.4:0.003 0.5:0.004 0.6:0.003 0.7:0.003 0.8:0.002 0.9:0.000 1.0:0.000
rule   43 sig=((1, 0), (1, 3), (2, 0), (2, 3))
    0.0:0.000 0.1:0.000 0.2:0.001 0.3:0.003 0.4:0.003 0.5:0.004 0.6:0.003 0.7:0.003 0.8:0.001 0.9:0.000 1.0:0.000
rule  791 sig=((1, 0), (1, 3), (2, 0), (2, 3))
    0.0:0.000 0.1:0.002 0.2:0.013 0.3:0.058 0.4:0.090 0.5:0.102 0.6:0.100 0.7:0.056 0.8:0.015 0.9:0.001 1.0:0.000
rule  811 sig=((1, 0), (1, 3), (2, 0), (2, 3))
    0.0:0.000 0.1:0.033 0.2:0.051 0.3:0.069 0.4:0.087 0.5:0.093 0.6:0.088 0.7:0.072 0.8:0.053 0.9:0.032 1.0:0.000
rule    3 sig=((1, 0), (1, 1), (1, 3), (2, 0), (2, 2), (2, 3))
    0.0:0.000 0.1:0.000 0.2:0.000 0.3:0.001 0.4:0.001 0.5:0.001 0.6:0.001 0.7:0.001 0.8:0.000 0.9:0.000 1.0:0.000
rule    5 sig=((1, 0), (1, 1), (1, 2), (1, 3), (2, 0), (2, 1), (2, 2), (2, 3))
    0.0:0.000 0.1:0.000 0.2:0.000 0.3:0.000 0.4:0.000 0.5:0.000 0.6:0.000 0.7:0.000 0.8:0.000 0.9:0.000 1.0:0.000
rule   17 sig=((1, 0), (1, 2), (1, 3), (2, 0), (2, 1), (2, 3))
    0.0:0.000 0.1:0.018 0.2:0.037 0.3:0.051 0.4:0.058 0.5:0.063 0.6:0.062 0.7:0.053 0.8:0.038 0.9:0.017 1.0:0.000
rule   25 sig=((1, 0), (1, 1), (1, 2), (1, 3), (2, 0), (2, 1), (2, 2), (2, 3))
    0.0:0.000 0.1:0.000 0.2:0.000 0.3:0.000 0.4:0.000 0.5:0.000 0.6:0.000 0.7:0.000 0.8:0.000 0.9:0.000 1.0:0.000
rule   31 sig=((1, 0), (1, 1), (1, 3), (2, 0), (2, 2), (2, 3))
    0.0:0.000 0.1:0.017 0.2:0.038 0.3:0.051 0.4:0.059 0.5:0.063 0.6:0.062 0.7:0.052 0.8:0.039 0.9:0.017 1.0:0.000
rule   45 sig=((1, 0), (1, 2), (1, 3), (2, 0), (2, 1), (2, 3))
    0.0:0.000 0.1:0.000 0.2:0.000 0.3:0.000 0.4:0.001 0.5:0.001 0.6:0.001 0.7:0.000 0.8:0.000 0.9:0.000 1.0:0.000
rule  117 sig=()
    0.0:2.000 0.1:2.000 0.2:2.000 0.3:2.000 0.4:2.000 0.5:2.000 0.6:2.000 0.7:2.000 0.8:2.000 0.9:2.000 1.0:2.000
rule  131 sig=()
    0.0:2.000 0.1:2.000 0.2:2.000 0.3:2.000 0.4:2.000 0.5:2.000 0.6:2.000 0.7:2.000 0.8:2.000 0.9:2.000 1.0:2.000
rule  771 sig=((1, 0), (1, 1), (1, 3), (2, 0), (2, 2), (2, 3))
    0.0:0.000 0.1:0.002 0.2:0.002 0.3:0.002 0.4:0.002 0.5:0.002 0.6:0.002 0.7:0.002 0.8:0.002 0.9:0.002 1.0:0.000
rule  773 sig=((1, 0), (1, 1), (1, 2), (1, 3), (2, 0), (2, 1), (2, 2), (2, 3))
    0.0:0.000 0.1:0.000 0.2:0.000 0.3:0.000 0.4:0.000 0.5:0.000 0.6:0.000 0.7:0.000 0.8:0.000 0.9:0.000 1.0:0.000
rule  785 sig=((1, 0), (1, 2), (1, 3), (2, 0), (2, 1), (2, 3))
    0.0:0.000 0.1:0.033 0.2:0.061 0.3:0.070 0.4:0.078 0.5:0.078 0.6:0.077 0.7:0.073 0.8:0.060 0.9:0.034 1.0:0.000
rule  793 sig=((1, 0), (1, 1), (1, 2), (1, 3), (2, 0), (2, 1), (2, 2), (2, 3))
    0.0:0.000 0.1:0.000 0.2:0.000 0.3:0.000 0.4:0.000 0.5:0.000 0.6:0.000 0.7:0.000 0.8:0.000 0.9:0.000 1.0:0.000
rule  799 sig=((1, 0), (1, 1), (1, 3), (2, 0), (2, 2), (2, 3))
    0.0:0.000 0.1:0.032 0.2:0.059 0.3:0.072 0.4:0.076 0.5:0.078 0.6:0.077 0.7:0.071 0.8:0.060 0.9:0.033 1.0:0.000
rule  813 sig=((1, 0), (1, 2), (1, 3), (2, 0), (2, 1), (2, 3))
    0.0:0.000 0.1:0.002 0.2:0.002 0.3:0.002 0.4:0.002 0.5:0.002 0.6:0.002 0.7:0.002 0.8:0.002 0.9:0.002 1.0:0.000
rule  885 sig=()
    0.0:2.000 0.1:2.000 0.2:2.000 0.3:2.000 0.4:2.000 0.5:2.000 0.6:2.000 0.7:2.000 0.8:2.000 0.9:2.000 1.0:2.000
rule  899 sig=()
    0.0:2.000 0.1:2.000 0.2:2.000 0.3:2.000 0.4:2.000 0.5:2.000 0.6:2.000 0.7:2.000 0.8:2.000 0.9:2.000 1.0:2.000

written: /home/piotr/pca3d/results/v_of_q.json
