=== 4x-time verification, ballistic branch ===
  rule      q         v      sem   alpha
   891   0.10    1.6027   0.0013   0.999
   891   0.15    1.4005   0.0007   0.998
   891   0.20    1.2026   0.0018   0.999
   891   0.25    1.0012   0.0021   0.999
   891   0.30    0.8028   0.0018   0.999
   883   0.10    1.6125   0.0007   0.990
   883   0.15    1.4157   0.0014   0.986
   883   0.20    1.2242   0.0027   0.982
   883   0.25    1.0517   0.0119   0.980
   883   0.30    0.9397   0.0075   0.983

=== bisection: rule 891, target v = sqrt2 = 1.41421356 ===
  q=0.17500  v=1.30032 +- 0.00153  alpha=0.998
  q=0.13750  v=1.44952 +- 0.00186  alpha=0.998
  q=0.15625  v=1.37460 +- 0.00151  alpha=0.998
  q=0.14688  v=1.41143 +- 0.00195  alpha=0.998
  q=0.14219  v=1.43155 +- 0.00112  alpha=0.999
  q=0.14453  v=1.42207 +- 0.00151  alpha=0.998
  q=0.14570  v=1.41803 +- 0.00163  alpha=0.998

q* = 0.14629:  v = 1.41657 +- 0.00100  alpha = 0.9988
target sqrt2 = 1.41421;  |v - sqrt2| = 0.00235 (2.4 sigma)
written: results/verify_vq.json
